gluon> :mock io.ReadCloser
!lang go
// ReadCloserMock is a mock implementation of io.ReadCloser, generated by gluon.
// A method whose function field is unset panics naming itself, so an
// expectation nobody set cannot be mistaken for a real result.
type ReadCloserMock struct {
	CloseFunc func() error
	ReadFunc  func(p []byte) (int, error)
}

func (m *ReadCloserMock) Close() error {
	if m.CloseFunc == nil {
		panic("ReadCloserMock.Close was called with no CloseFunc set")
	}
	return m.CloseFunc()
}

func (m *ReadCloserMock) Read(p []byte) (int, error) {
	if m.ReadFunc == nil {
		panic("ReadCloserMock.Read was called with no ReadFunc set")
	}
	return m.ReadFunc(p)
}
gluon> :spy io.Writer
!lang go
// WriterSpy is a spy implementation of io.Writer, generated by gluon.
// A method whose function field is unset panics naming itself, so an
// expectation nobody set cannot be mistaken for a real result.
type WriterSpy struct {
	WriteFunc func(p []byte) (int, error)
	// WriteCalls holds one entry per call, in order.
	WriteCalls []struct {
		P []byte
	}
}

func (m *WriterSpy) Write(p []byte) (int, error) {
	m.WriteCalls = append(m.WriteCalls, struct {
		P []byte
	}{p})
	if m.WriteFunc == nil {
		panic("WriterSpy.Write was called with no WriteFunc set")
	}
	return m.WriteFunc(p)
}

// WriteCount is how many times Write was called.
func (m *WriterSpy) WriteCount() int { return len(m.WriteCalls) }
