gluon> :bench strings.Repeat("ab", 100)
13,966,912 iterations
82 ns/op     208 B/op     1 allocs/op
gluon> :bench -count 5 strings.Repeat("ab", 100)
5 runs             min      median         max
ns/op               79          80          82
B/op               208         208         208
allocs/op            1           1           1
iterations  14,696,539  15,007,393  15,442,566
gluon> n := 42
gluon> :bench strconv.Itoa(n), fmt.Sprint(n)
a  strconv.Itoa(n)
b  fmt.Sprint(n)

           a   b     b/a
ns/op      2  38  19.00x
B/op       0   2     n/a
allocs/op  0   1     n/a
gluon> :bench -cpu 1,4 strings.Repeat("ab", 1024)
GOMAXPROCS=1
5,025,478 iterations
251 ns/op     2048 B/op     1 allocs/op

GOMAXPROCS=4
4,350,894 iterations
254 ns/op     2048 B/op     1 allocs/op
gluon> :bench -profile strings.Repeat("ab", 100)
13,522,123 iterations
85 ns/op     208 B/op     1 allocs/op
cpu profile  $TMPDIR/gluon-session-3419275239/bench-1790205306697740000.pprof
             go tool pprof $TMPDIR/gluon-session-3419275239/bench-1790205306697740000.pprof
