gluon> :get
!clip 6
ariga.io/atlas v0.36.2-0.20250730182955-2c6300d0a3e1
entgo.io/ent v0.14.6
github.com/agext/levenshtein v1.2.3
github.com/apparentlymart/go-textseg/v15 v15.0.0
github.com/bmatcuk/doublestar v1.3.4
github.com/dustin/go-humanize v1.0.1
github.com/fsnotify/fsnotify v1.9.0
github.com/go-chi/chi/v5 v5.2.2
github.com/go-openapi/inflect v0.19.0
github.com/go-viper/mapstructure/v2 v2.4.0
github.com/google/go-cmp v0.7.0
github.com/google/uuid v1.6.0
github.com/hashicorp/hcl/v2 v2.18.1
github.com/inconshreveable/mousetrap v1.1.0
github.com/jmoiron/sqlx v1.4.0
github.com/mattn/go-isatty v0.0.21
github.com/mfridman/interpolate v0.0.2
github.com/mitchellh/go-wordwrap v1.0.1
github.com/ncruces/go-strftime v1.0.0
github.com/pelletier/go-toml/v2 v2.2.4
github.com/pressly/goose/v3 v3.27.1
github.com/remyoudompheng/bigfft v0.0.0-20230129092748-24d4a6f8daec
github.com/sagikazarmark/locafero v0.11.0
github.com/samber/do/v2 v2.1.0
github.com/samber/go-type-to-string v1.8.0
github.com/sethvargo/go-retry v0.3.0
github.com/shopspring/decimal v1.4.0
github.com/sourcegraph/conc v0.3.1-0.20240121214520-5f936abd7ae8
github.com/spf13/afero v1.15.0
github.com/spf13/cast v1.10.0
github.com/spf13/cobra v1.10.2
github.com/spf13/pflag v1.0.10
github.com/spf13/viper v1.21.0
github.com/subosito/gotenv v1.6.0
github.com/vmihailenco/msgpack/v5 v5.4.1
github.com/vmihailenco/tagparser/v2 v2.0.0
github.com/zclconf/go-cty v1.14.4
github.com/zclconf/go-cty-yaml v1.1.0
go.uber.org/multierr v1.11.0
go.yaml.in/yaml/v3 v3.0.4
golang.org/x/mod v0.37.0
golang.org/x/net v0.57.0
golang.org/x/sync v0.22.0
golang.org/x/sys v0.47.0
golang.org/x/text v0.40.0
google.golang.org/genproto/googleapis/rpc v0.0.0-20260706201446-f0a921348800
google.golang.org/grpc v1.84.0
google.golang.org/protobuf v1.36.11
gopkg.in/yaml.v3 v3.0.1
modernc.org/libc v1.72.1
modernc.org/mathutil v1.7.1
modernc.org/memory v1.11.0
modernc.org/sqlite v1.49.1
gluon> :get github.com/BurntSushi/toml@v1.6.0
added github.com/BurntSushi/toml v1.6.0
gluon> :toml config.Defaults()
!lang toml
features = ["gift-wrap"]
log_level = "info"

[http]
  addr = "127.0.0.1:8765"

[grpc]
  addr = "127.0.0.1:50051"

[database]
  path = "data/shop.db"
gluon> :get -rm github.com/BurntSushi/toml
removed github.com/BurntSushi/toml v1.6.0
