gluon> :load snippets.go
loaded snippets.go
gluon> price.String()
(string) "$12.50"  len=6
gluon> :test price.String()
!lang go
// TestPriceString was generated by gluon from a value observed at the prompt.
// It records what price.String() produced, not what it should produce: the
// judgement that the answer was right was made at the prompt, and this only
// writes it down.
func TestPriceString(t *testing.T) {
	// The session bound these at the prompt, where they are locals inside
	// main(). The test carries them so the expression can be evaluated again.
	price := Money(1250)

	want := "$12.50"
	got := price.String()
	if got != want {
		t.Errorf("price.String() = %v, want %v", got, want)
	}
}

— 1 test held; :save -test writes it beside the program
gluon> :test -table strings.Fields(" a b ")
!lang go
// TestStringsFieldsAB was generated by gluon from a value observed at the prompt.
// It records what strings.Fields(" a b ") produced, not what it should produce: the
// judgement that the answer was right was made at the prompt, and this only
// writes it down.
func TestStringsFieldsAB(t *testing.T) {
	tests := []struct {
		name string
		got  []string
		want []string
	}{
		{"strings.Fields(\" a b \")", strings.Fields(" a b "), []string{"a", "b"}},
	}
	for _, tc := range tests {
		t.Run(tc.name, func(t *testing.T) {
			// The value's type is not comparable with ==, so this asserts deep equality.
			if !reflect.DeepEqual(tc.got, tc.want) {
				t.Errorf("%s = %v, want %v", tc.name, tc.got, tc.want)
			}
		})
	}
}

— 2 tests held; :save -test writes them beside the program
